[tushare.pro/document/2.html]
[backblue.gif]
[fade.gif]
[index.html]
[tushare.pro/static/frontend/images/favicon-192x192039e.png]
[tushare.pro/static/frontend/images/favicon-96x9674d3.png]
[tushare.pro/static/frontend/images/favicon-16x16f0cc.png]
[tushare.pro/static/frontend/images/favicon-32x327e67.png]
[tushare.pro/static/vendors/bootstrap/dist/css/bootstrap.min5aee.css]
[tushare.pro/static/vendors/jstree/themes/default/style.min8060.css]
[tushare.pro/static/frontend/css/custom08a0.css]
[tushare.pro/static/vendors/codemirror/lib/codemirrorfc50.css]
[tushare.pro/static/vendors/tui-editor/dist/tui-editor13d7.css]
[tushare.pro/static/vendors/tui-editor/dist/tui-editor-contentsfa16.css]
[tushare.pro/static/vendors/highlightjs/styles/github259f.css]
[tushare.pro/static/common/css/md230c.css]
[tushare.pro/static/vendors/requirejs/require58ef.js]
[tushare.pro/static/frontend/js/config5b09.js]
[tushare.pro/static/frontend/images/logod8e3.png]
[tushare.pro/document/1.html]
[tushare.pro/document/23bf6.html]
[tushare.pro/document/2398f.html]
[tushare.pro/document/240cd.html]
[tushare.pro/document/22674.html]
[tushare.pro/document/22614.html]
[tushare.pro/document/290c8.html]
[tushare.pro/document/22ddb.html]
[tushare.pro/document/2400f.html]
[tushare.pro/document/21df9.html]
[tushare.pro/document/2cf26.html]
[tushare.pro/document/28bb0.html]
[tushare.pro/document/2b010.html]
[tushare.pro/document/2a0ea.html]
[tushare.pro/document/27687.html]
[tushare.pro/document/24fbb.html]
[tushare.pro/document/2bc43.html]
[tushare.pro/document/25376.html]
[tushare.pro/document/2db7e.html]
[tushare.pro/document/21096.html]
[tushare.pro/document/2459b.html]
[tushare.pro/document/293db.html]
[tushare.pro/document/2d333.html]
[tushare.pro/document/2ea64.html]
[tushare.pro/document/26e60.html]
[tushare.pro/document/294ac.html]
[tushare.pro/document/24059.html]
[tushare.pro/document/2218d.html]
[tushare.pro/document/24573.html]
[tushare.pro/document/2b3d8.html]
[tushare.pro/document/26cf6.html]
[tushare.pro/document/29b25.html]
[tushare.pro/document/2692d.html]
[tushare.pro/document/23aef.html]
[tushare.pro/document/2e197.html]
[tushare.pro/document/22643.html]
[tushare.pro/document/298e0.html]
[tushare.pro/document/2b40b.html]
[tushare.pro/document/2b500.html]
[tushare.pro/document/2b078.html]
[tushare.pro/document/28b70.html]
[tushare.pro/document/2a36e.html]
[tushare.pro/document/29e7f.html]
[tushare.pro/document/24e95.html]
[tushare.pro/document/2bdee.html]
[tushare.pro/document/2668c.html]
[tushare.pro/document/2e7c1.html]
[tushare.pro/document/22145.html]
[tushare.pro/document/21421.html]
[tushare.pro/document/2cc53.html]
[tushare.pro/document/2eaf3.html]
[tushare.pro/document/20bd6.html]
[tushare.pro/document/22de2.html]
[tushare.pro/document/2c1f7.html]
[tushare.pro/document/229d8.html]
[tushare.pro/document/282bd.html]
[tushare.pro/document/21eac.html]
[tushare.pro/document/24a3d.html]
[tushare.pro/document/28c8f.html]
[tushare.pro/document/24c26.html]
[tushare.pro/document/25ef5.html]
[tushare.pro/document/2fd16.html]
[tushare.pro/document/26c4d.html]
[tushare.pro/document/2cab6.html]
[tushare.pro/document/264dd.html]
[tushare.pro/document/2a072.html]
[tushare.pro/document/2aeb4.html]
[tushare.pro/document/22879.html]
[tushare.pro/document/2cecc.html]
[tushare.pro/document/23ac1.html]
[tushare.pro/document/297b7.html]
[tushare.pro/document/2d318.html]
[tushare.pro/document/20f4f.html]
[tushare.pro/document/2eedf.html]
[tushare.pro/document/2a46b.html]
[tushare.pro/document/2e625.html]
[tushare.pro/document/2bc88.html]
[tushare.pro/document/2c5a4.html]
[tushare.pro/document/2273c.html]
[tushare.pro/document/2cd38.html]
[tushare.pro/document/2ab9c.html]
[tushare.pro/document/24003.html]
[tushare.pro/document/22b54.html]
[tushare.pro/document/2a7a1.html]
[tushare.pro/document/230ae.html]
[tushare.pro/document/2e287.html]
[tushare.pro/document/2c7e8.html]
[tushare.pro/document/20d5d.html]
[tushare.pro/document/2c865.html]
[tushare.pro/document/28ce7.html]
[tushare.pro/document/20c4d.html]
[tushare.pro/document/2bd32.html]
[tushare.pro/document/2a56d.html]
[tushare.pro/document/2aa61.html]
[tushare.pro/document/27ea5.html]
[tushare.pro/document/2696b.html]
[tushare.pro/document/25719.html]
[tushare.pro/document/2eb1a.html]
[tushare.pro/document/2d1f6.html]
[tushare.pro/document/2ee02.html]
[tushare.pro/document/256a1.html]
[tushare.pro/document/2f5ab.html]
[tushare.pro/document/2fd92.html]
[tushare.pro/document/29dff.html]
[tushare.pro/document/2af19.html]
[tushare.pro/document/206ba.html]
[tushare.pro/document/23a35.html]
[tushare.pro/document/29fb4.html]
[tushare.pro/document/2a955.html]
[tushare.pro/document/2a984.html]
[tushare.pro/document/2f4ed.html]
[tushare.pro/document/21689.html]
[tushare.pro/document/2ec76.html]
[tushare.pro/document/21225.html]
[tushare.pro/document/20f66.html]
[tushare.pro/document/26317.html]
[tushare.pro/document/27b14.html]
[tushare.pro/document/22a97.html]
[tushare.pro/document/237dd.html]
[tushare.pro/document/2c816.html]
[tushare.pro/document/2b81d.html]
[tushare.pro/document/2f97b.html]
[tushare.pro/document/2cdb2.html]
[tushare.pro/document/2d8b5.html]
[tushare.pro/document/20a7a.html]
[tushare.pro/document/2561c.html]
[tushare.pro/document/23217.html]
[tushare.pro/document/22a3f.html]
[tushare.pro/document/275bb.html]
[tushare.pro/document/21f44.html]
[tushare.pro/document/27597.html]
[tushare.pro/document/237dc.html]
[tushare.pro/document/2353a.html]
[tushare.pro/document/21bda.html]
[tushare.pro/document/2e23b.html]
[tushare.pro/document/2c47f.html]
[tushare.pro/document/2dfe5.html]
[tushare.pro/document/21825.html]
[tushare.pro/document/296ab.html]
[tushare.pro/document/258d6.html]
[tushare.pro/document/2a6c5.html]
[tushare.pro/document/2a856.html]
[tushare.pro/document/23bd0.html]
[tushare.pro/document/278a7.html]
[tushare.pro/document/219cd.html]
[tushare.pro/document/2d57d.html]
[tushare.pro/document/27d0f.html]
[tushare.pro/document/2d1a1.html]
[tushare.pro/document/28988.html]
[tushare.pro/document/25f55.html]
[tushare.pro/document/299cd.html]
[tushare.pro/document/2a350.html]
[tushare.pro/document/241ab.html]
[tushare.pro/document/2fffc.html]
[tushare.pro/document/287e6.html]
[tushare.pro/document/2dcd1.html]
[tushare.pro/document/24e84.html]
[tushare.pro/document/26341.html]
[tushare.pro/document/2e8e8.html]
[tushare.pro/document/232a6.html]
[tushare.pro/document/2b43d.html]
[tushare.pro/document/253d0.html]
[tushare.pro/document/2023f.html]
[tushare.pro/document/2e550.html]
[tushare.pro/document/235c1.html]
[tushare.pro/document/2f8e0.html]
[tushare.pro/document/2c973.html]
[tushare.pro/document/2522e.html]
[tushare.pro/document/2d5e4.html]
[tushare.pro/document/2f551.html]
[tushare.pro/document/2bfbb.html]
[tushare.pro/document/2d5e1.html]
[tushare.pro/document/2f360.html]
[tushare.pro/document/29327.html]
[tushare.pro/document/2e894.html]
[tushare.pro/document/2ddb1.html]
[tushare.pro/document/2295b.html]
[tushare.pro/document/2d76a.html]
[tushare.pro/document/20536.html]
[tushare.pro/document/24b68.html]
[tushare.pro/document/29591.html]
[tushare.pro/document/2c327.html]
[tushare.pro/document/234e4.html]
[tushare.pro/document/2564c.html]
[tushare.pro/document/20aa9.html]
[tushare.pro/document/22c47.html]
[tushare.pro/document/273e7.html]
[tushare.pro/document/28d2d.html]
[tushare.pro/document/236c3.html]
[tushare.pro/document/2e65a.html]
[tushare.pro/document/2dcb0.html]
[tushare.pro/document/2cd75.html]
[tushare.pro/document/2bb90.html]
[tushare.pro/document/2d5f3.html]
[tushare.pro/document/20556.html]
[tushare.pro/document/24f2a.html]
[tushare.pro/document/2ca57.html]
[tushare.pro/document/2d93f.html]
[tushare.pro/document/21f20.html]
[tushare.pro/document/23394.html]
[tushare.pro/document/25f27.html]
[tushare.pro/document/25f60.html]
[tushare.pro/document/20eb9.html]
[tushare.pro/document/2cc7c.html]
[tushare.pro/document/28e34.html]
[tushare.pro/document/27bd7.html]
[tushare.pro/document/2b529.html]
[tushare.pro/document/23c0d.html]
[tushare.pro/document/29c73.html]
[tushare.pro/document/24dbd.html]
[tushare.pro/document/2113c.html]
[tushare.pro/document/25502.html]
[tushare.pro/document/25c26.html]
[tushare.pro/document/21ac5.html]
[tushare.pro/document/2b2d2.html]
[tushare.pro/document/24113.html]
[tushare.pro/document/20fd9.html]
[tushare.pro/document/2f74c.html]
[tushare.pro/document/2314b.html]
[tushare.pro/document/20fe1.html]
[tushare.pro/document/2b46c.html]
[tushare.pro/document/2c354.html]
[tushare.pro/document/2d3c1.html]
[tushare.pro/document/22596.html]
[tushare.pro/document/26766.html]
[tushare.pro/document/22fab.html]
[tushare.pro/document/29e16.html]
[tushare.pro/document/2b55a.html]
[tushare.pro/document/2aa3d.html]
[tushare.pro/document/22a2a.html]
[tushare.pro/document/2bb89.html]
[tushare.pro/document/2b9b3.html]
[tushare.pro/document/2e5f8.html]
[tushare.pro/document/24670.html]
[tushare.pro/document/21c4a.html]
[tushare.pro/document/21bcb.html]
[tushare.pro/document/26ffa.html]
[tushare.pro/document/24acf.html]
[tushare.pro/document/2a6fb.html]
[tushare.pro/document/2cb8d.html]
[tushare.pro/document/2e6db.html]
[tushare.pro/document/238b0.html]
[tushare.pro/document/24c78.html]
[tushare.pro/document/26c7b.html]
[tushare.pro/document/2c094.html]
[tushare.pro/document/28b69.html]
[tushare.pro/document/2dfb5.html]
[tushare.pro/document/25c0d.html]
[tushare.pro/document/226b7.html]
[tushare.pro/document/292b7.html]
[tushare.pro/document/266fb.html]
[tushare.pro/document/244e4.html]
[tushare.pro/document/293fe.html]
[tushare.pro/document/2b443.html]
[tushare.pro/document/23ee9.html]
[tushare.pro/document/2d650.html]
[tushare.pro/document/21ceb.html]
[tushare.pro/document/2b903.html]
[tushare.pro/document/2dd8c.html]
[tushare.pro/document/221c6.html]
[tushare.pro/document/22ae9.html]
[tushare.pro/document/2fb43.html]
[tushare.pro/document/29636.html]
[tushare.pro/document/2659c.html]
[tushare.pro/document/285ae.html]
[tushare.pro/document/2f1a0.html]
[tushare.pro/document/2f1f0.html]
[tushare.pro/document/2b585.html]
[tushare.pro/document/2b955.html]
[tushare.pro/document/23c05.html]
[tushare.pro/document/25039.html]
[tushare.pro/document/2e92d.html]
[tushare.pro/document/2485b.html]
[tushare.pro/document/2db8a.html]
[tushare.pro/document/29f3e.html]
[tushare.pro/document/27df1.html]
[tushare.pro/document/27b5b.html]
[tushare.pro/static/frontend/images/wechat_public5b2f.png]
[tushare.pro/document/2.html]
[tushare.pro/static/frontend/images/favicon-160x160.html]
[tushare.pro/static/vendors/bootstrap/dist/css/bootstrap.min5aee.css]
[tushare.pro/document/41.html]
[tushare.pro/static/vendors/jstree/themes/default/32px.png]
[tushare.pro/static/vendors/jstree/themes/default/throbber.gif]
[tushare.pro/static/vendors/jstree/themes/default/style.min8060.css]
[tushare.pro/static/frontend/css/custom08a0.css]
[tushare.pro/static/vendors/codemirror/lib/codemirrorfc50.css]
[tushare.pro/static/vendors/jstree/themes/default/40px.png]
[tushare.pro/static/vendors/tui-editor/dist/tui-editor.png]
[tushare.pro/static/vendors/tui-editor/dist/tui-editor13d7.css]
[tushare.pro/static/vendors/tui-editor/dist/tui-editor-contentsfa16.css]
[tushare.pro/static/vendors/highlightjs/styles/github259f.css]
[tushare.pro/static/common/css/md230c.css]
[tushare.pro/static/vendors/tui-editor/dist/tui-editor-2x.png]
[tushare.pro/document/10454.html]
[tushare.pro/document/10c80.html]
[tushare.pro/document/14b41.html]
[tushare.pro/document/1cd35.html]
[tushare.pro/document/145ad.html]
[tushare.pro/document/172c5.html]
[tushare.pro/document/19a2a.html]
[tushare.pro/document/135a1.html]
[tushare.pro/document/14dd7.html]
[tushare.pro/document/16272.html]
[tushare.pro/document/1e8ce.html]
[tushare.pro/document/1484e.html]
[tushare.pro/document/14346.html]
[tushare.pro/document/1b3f2.html]
[tushare.pro/document/17091.html]
[tushare.pro/document/1999e.html]
[tushare.pro/document/1bc5e.html]
[tushare.pro/document/187bb.html]
[tushare.pro/document/1196b.html]
[tushare.pro/document/168c7.html]
[tushare.pro/document/17298.html]
[tushare.pro/document/1c633.html]
[tushare.pro/document/1a06a.html]
[tushare.pro/document/14673.html]
[tushare.pro/document/1ecce.html]
[tushare.pro/document/12e9e.html]
[tushare.pro/document/1a06c.html]
[tushare.pro/document/193e4.html]
[tushare.pro/document/13600.html]
[tushare.pro/document/1ee27.html]
[tushare.pro/document/1501f.html]
[tushare.pro/document/10ed4.html]
[tushare.pro/document/19306.html]
[tushare.pro/document/1fb44.html]
[tushare.pro/document/13729.html]
[tushare.pro/document/12451.html]
[tushare.pro/document/17380.html]
[tushare.pro/document/179e8.html]
[tushare.pro/document/164bf.html]
[tushare.pro/document/179bd.html]
[tushare.pro/document/13f4d.html]
[tushare.pro/document/1451b.html]
[tushare.pro/document/1ffc5.html]
[tushare.pro/document/17516.html]
[tushare.pro/document/1a511.html]
[tushare.pro/document/1bc5e-2.html]
[tushare.pro/document/1b4f4.html]
[tushare.pro/document/180e0.html]
[tushare.pro/document/15f19.html]
[tushare.pro/document/1ba41.html]
[tushare.pro/document/1d1d1.html]
[tushare.pro/document/1ceff.html]
[tushare.pro/document/1e53d.html]
[tushare.pro/document/1e06e.html]
[tushare.pro/document/186b4.html]
[tushare.pro/document/1422b.html]
[tushare.pro/document/18da9.html]
[tushare.pro/document/1.html]
[tushare.pro/document/23bf6.html]
[tushare.pro/document/2398f.html]
[tushare.pro/document/240cd.html]
[tushare.pro/document/22674.html]
[tushare.pro/document/22614.html]
[tushare.pro/document/290c8.html]
[tushare.pro/document/22ddb.html]
[tushare.pro/document/2400f.html]
[tushare.pro/document/21df9.html]
[tushare.pro/document/2cf26.html]
[tushare.pro/document/28bb0.html]
[tushare.pro/document/2b010.html]
[tushare.pro/document/2a0ea.html]
[tushare.pro/document/27687.html]
[tushare.pro/document/24fbb.html]
[tushare.pro/document/2bc43.html]
[tushare.pro/document/25376.html]
[tushare.pro/document/2db7e.html]
[tushare.pro/document/21096.html]
[tushare.pro/document/2459b.html]
[tushare.pro/document/293db.html]
[tushare.pro/document/2d333.html]
[tushare.pro/document/2ea64.html]
[tushare.pro/document/26e60.html]
[tushare.pro/document/294ac.html]
[tushare.pro/document/24059.html]
[tushare.pro/document/2218d.html]
[tushare.pro/document/24573.html]
[tushare.pro/document/2b3d8.html]
[tushare.pro/document/26cf6.html]
[tushare.pro/document/29b25.html]
[tushare.pro/document/2692d.html]
[tushare.pro/document/23aef.html]
[tushare.pro/document/2e197.html]
[tushare.pro/document/22643.html]
[tushare.pro/document/298e0.html]
[tushare.pro/document/2b40b.html]
[tushare.pro/document/2b500.html]
[tushare.pro/document/2b078.html]
[tushare.pro/document/28b70.html]
[tushare.pro/document/2a36e.html]
[tushare.pro/document/29e7f.html]
[tushare.pro/document/24e95.html]
[tushare.pro/document/2bdee.html]
[tushare.pro/document/2668c.html]
[tushare.pro/document/2e7c1.html]
[tushare.pro/document/22145.html]
[tushare.pro/document/21421.html]
[tushare.pro/document/2cc53.html]
[tushare.pro/document/2eaf3.html]
[tushare.pro/document/20bd6.html]
[tushare.pro/document/22de2.html]
[tushare.pro/document/2c1f7.html]
[tushare.pro/document/229d8.html]
[tushare.pro/document/282bd.html]
[tushare.pro/document/21eac.html]
[tushare.pro/document/24a3d.html]
[tushare.pro/document/28c8f.html]
[tushare.pro/document/24c26.html]
[tushare.pro/document/25ef5.html]
[tushare.pro/document/2fd16.html]
[tushare.pro/document/26c4d.html]
[tushare.pro/document/2cab6.html]
[tushare.pro/document/264dd.html]
[tushare.pro/document/13272.html]
[tushare.pro/files/web/rc.png]
[tushare.pro/files/web/cyq1.png]
[tushare.pro/files/web/cyq3.png]
[tushare.pro/files/web/cyq2.png]
[tushare.pro/files/web/cyq4.png]
[tushare.pro/document/2a072.html]
[tushare.pro/document/2aeb4.html]
[tushare.pro/document/22879.html]
[tushare.pro/document/2cecc.html]
[tushare.pro/document/23ac1.html]
[tushare.pro/document/297b7.html]
[tushare.pro/document/2d318.html]
[tushare.pro/document/20f4f.html]
[tushare.pro/document/2eedf.html]
[tushare.pro/document/2a46b.html]
[tushare.pro/document/2e625.html]
[tushare.pro/document/2bc88.html]
[tushare.pro/document/2c5a4.html]
[tushare.pro/document/2273c.html]
[tushare.pro/document/2cd38.html]
[tushare.pro/document/2ab9c.html]
[tushare.pro/document/24003.html]
[tushare.pro/document/22b54.html]
[tushare.pro/document/2a7a1.html]
[tushare.pro/document/230ae.html]
[tushare.pro/document/2e287.html]
[tushare.pro/document/2c7e8.html]
[tushare.pro/document/20d5d.html]
[tushare.pro/document/2c865.html]
[tushare.pro/document/28ce7.html]
[tushare.pro/document/20c4d.html]
[tushare.pro/document/2bd32.html]
[tushare.pro/document/2a56d.html]
[tushare.pro/document/2aa61.html]
[tushare.pro/document/27ea5.html]
[tushare.pro/document/2696b.html]
[tushare.pro/document/25719.html]
[tushare.pro/document/2eb1a.html]
[tushare.pro/document/2d1f6.html]
[tushare.pro/document/2ee02.html]
[tushare.pro/document/256a1.html]
[tushare.pro/document/2f5ab.html]
[tushare.pro/document/2fd92.html]
[tushare.pro/document/29dff.html]
[tushare.pro/document/2af19.html]
[tushare.pro/document/206ba.html]
[tushare.pro/document/23a35.html]
[tushare.pro/document/29fb4.html]
[tushare.pro/document/2a955.html]
[tushare.pro/document/2a984.html]
[tushare.pro/document/2f4ed.html]
[tushare.pro/files/web/sdjg.png]
[tushare.pro/document/21689.html]
[tushare.pro/files/wx/yzpt.png]
[tushare.pro/files/web/ths1.jpg]
[tushare.pro/files/web/ths2.png]
[tushare.pro/document/2ec76.html]
[tushare.pro/files/web/dc1.jpg]
[tushare.pro/files/web/ths3.png]
[tushare.pro/document/21225.html]
[tushare.pro/document/20f66.html]
[tushare.pro/document/26317.html]
[tushare.pro/document/27b14.html]
[tushare.pro/document/22a97.html]
[tushare.pro/document/237dd.html]
[tushare.pro/document/2c816.html]
[tushare.pro/document/2b81d.html]
[tushare.pro/document/2f97b.html]
[tushare.pro/document/2cdb2.html]
[tushare.pro/document/2d8b5.html]
[tushare.pro/document/20a7a.html]
[tushare.pro/document/2561c.html]
[tushare.pro/document/23217.html]
[tushare.pro/document/22a3f.html]
[tushare.pro/document/275bb.html]
[tushare.pro/document/21f44.html]
[tushare.pro/document/27597.html]
[tushare.pro/document/237dc.html]
[tushare.pro/document/2353a.html]
[tushare.pro/document/21bda.html]
[tushare.pro/document/2e23b.html]
[tushare.pro/document/2c47f.html]
[tushare.pro/document/2dfe5.html]
[tushare.pro/document/21825.html]
[tushare.pro/document/296ab.html]
[tushare.pro/document/258d6.html]
[tushare.pro/document/2a6c5.html]
[tushare.pro/document/2a856.html]
[tushare.pro/document/23bd0.html]
[tushare.pro/document/278a7.html]
[tushare.pro/document/219cd.html]
[tushare.pro/document/2d57d.html]
[tushare.pro/document/27d0f.html]
[tushare.pro/document/2d1a1.html]
[tushare.pro/document/28988.html]
[tushare.pro/document/25f55.html]
[tushare.pro/document/299cd.html]
[tushare.pro/document/2a350.html]
[tushare.pro/document/241ab.html]
[tushare.pro/document/2fffc.html]
[tushare.pro/document/287e6.html]
[tushare.pro/document/2dcd1.html]
[tushare.pro/document/24e84.html]
[tushare.pro/document/26341.html]
[tushare.pro/document/2e8e8.html]
[tushare.pro/document/232a6.html]
[tushare.pro/files/web/dc2.png]
[tushare.pro/document/2b43d.html]
[tushare.pro/document/253d0.html]
[tushare.pro/document/2023f.html]
[tushare.pro/document/2e550.html]
[tushare.pro/document/235c1.html]
[tushare.pro/document/2f8e0.html]
[tushare.pro/document/2c973.html]
[tushare.pro/document/2522e.html]
[tushare.pro/document/2d5e4.html]
[tushare.pro/files/img/ft.png]
[tushare.pro/document/2f551.html]
[tushare.pro/document/2bfbb.html]
[tushare.pro/document/2d5e1.html]
[tushare.pro/document/2f360.html]
[tushare.pro/document/29327.html]
[tushare.pro/document/2e894.html]
[tushare.pro/document/2ddb1.html]
[tushare.pro/document/2295b.html]
[tushare.pro/document/2d76a.html]
[tushare.pro/document/20536.html]
[tushare.pro/document/24b68.html]
[tushare.pro/document/29591.html]
[tushare.pro/document/2c327.html]
[tushare.pro/document/234e4.html]
[tushare.pro/document/2564c.html]
[tushare.pro/document/20aa9.html]
[tushare.pro/document/22c47.html]
[tushare.pro/document/273e7.html]
[tushare.pro/document/28d2d.html]
[tushare.pro/document/236c3.html]
[tushare.pro/document/2e65a.html]
[tushare.pro/document/2dcb0.html]
[tushare.pro/document/2cd75.html]
[tushare.pro/document/2bb90.html]
[tushare.pro/document/2d5f3.html]
[tushare.pro/document/20556.html]
[tushare.pro/document/24f2a.html]
[tushare.pro/document/2ca57.html]
[tushare.pro/document/2d93f.html]
[tushare.pro/document/21f20.html]
[tushare.pro/document/23394.html]
[tushare.pro/document/25f27.html]
[tushare.pro/document/25f60.html]
[tushare.pro/document/20eb9.html]
[tushare.pro/document/2cc7c.html]
[tushare.pro/document/28e34.html]
[tushare.pro/document/27bd7.html]
[tushare.pro/document/2b529.html]
[tushare.pro/document/23c0d.html]
[tushare.pro/document/29c73.html]
[tushare.pro/document/24dbd.html]
[tushare.pro/document/2113c.html]
[tushare.pro/document/25502.html]
[tushare.pro/document/25c26.html]
[tushare.pro/document/21ac5.html]
[tushare.pro/document/2b2d2.html]
[tushare.pro/document/24113.html]
[tushare.pro/document/20fd9.html]
[tushare.pro/document/2f74c.html]
[tushare.pro/document/2314b.html]
[tushare.pro/document/20fe1.html]
[tushare.pro/document/2b46c.html]
[tushare.pro/document/2c354.html]
[tushare.pro/document/2d3c1.html]
[tushare.pro/document/22596.html]
[tushare.pro/document/26766.html]
[tushare.pro/document/22fab.html]
[tushare.pro/document/29e16.html]
[tushare.pro/document/2b55a.html]
[tushare.pro/document/2aa3d.html]
[tushare.pro/document/22a2a.html]
[tushare.pro/document/2bb89.html]
[tushare.org/img/film_record.png]
[tushare.pro/document/2b9b3.html]
[tushare.pro/document/2e5f8.html]
[tushare.pro/document/24670.html]
[tushare.pro/document/21c4a.html]
[tushare.pro/document/21bcb.html]
[tushare.pro/document/26ffa.html]
[tushare.pro/document/24acf.html]
[tushare.pro/document/2a6fb.html]
[tushare.pro/document/2cb8d.html]
[tushare.pro/document/2e6db.html]
[tushare.pro/document/238b0.html]
[tushare.pro/document/24c78.html]
[tushare.pro/document/26c7b.html]
[tushare.pro/document/2c094.html]
[tushare.pro/document/28b69.html]
[tushare.pro/document/2dfb5.html]
[tushare.pro/document/25c0d.html]
[tushare.pro/document/226b7.html]
[tushare.pro/document/292b7.html]
[tushare.pro/document/266fb.html]
[tushare.pro/document/244e4.html]
[tushare.pro/document/293fe.html]
[tushare.pro/document/2b443.html]
[tushare.pro/document/23ee9.html]
[tushare.pro/document/2d650.html]
[tushare.pro/document/21ceb.html]
[tushare.pro/document/2b903.html]
[tushare.pro/document/2dd8c.html]
[tushare.pro/document/221c6.html]
[tushare.pro/document/22ae9.html]
[tushare.pro/document/2fb43.html]
[tushare.pro/document/29636.html]
[tushare.pro/document/2659c.html]
[tushare.pro/document/285ae.html]
[tushare.pro/files/web/ft_tick.png]
[tushare.pro/document/2f1a0.html]
[tushare.pro/document/2f1f0.html]
[tushare.pro/files/img/cctv_news.png]
[tushare.pro/document/2b585.html]
[tushare.pro/document/2b955.html]
[tushare.pro/files/img/news_sp.png]
[tushare.pro/document/23c05.html]
[tushare.pro/document/25039.html]
[tushare.pro/document/2e92d.html]
[tushare.pro/document/2485b.html]
[tushare.pro/document/2db8a.html]
[tushare.pro/document/29f3e.html]
[tushare.pro/files/web/e.png]
[tushare.pro/document/27df1.html]
[tushare.pro/document/27b5b.html]
[tushare.pro/document/2f433.html]
[tushare.pro/document/23c59.html]
[tushare.pro/files/img/wz_idx.png]
[tushare.pro/document/416cea.html]
[tushare.pro/document/411da5.html]
[tushare.pro/document/411044.html]
[tushare.pro/document/4105b6.html]
[tushare.pro/document/41755d.html]
[tushare.pro/document/41149f.html]
[tushare.pro/document/419af9.html]
[tushare.pro/document/419fa1.html]
[tushare.pro/document/4123b8.html]
[tushare.pro/document/41fc81.html]
[tushare.pro/document/4111fc.html]
[tushare.pro/document/41416d.html]
[tushare.pro/document/415d5e.html]
[tushare.pro/document/418903.html]
[tushare.pro/document/41af8a.html]
[tushare.pro/document/4115c8.html]
[tushare.pro/document/41e7cd.html]
[tushare.pro/document/4162b2.html]
[tushare.pro/document/41a751.html]
[tushare.pro/document/4136aa.html]
[tushare.pro/document/41aa84.html]
[tushare.pro/document/41bcb3.html]
[tushare.pro/document/41.html]
[tushare.pro/document/10454.html]
[tushare.pro/files/_images/ts.jpg]
[tushare.pro/files/web/fg.jpg]
[tushare.pro/files/web/xhs.jpg]
[tushare.pro/document/10c80.html]
[tushare.pro/document/14b41.html]
[tushare.pro/files/pro/img/install_anaconda_001.jpg]
[tushare.pro/files/pro/img/install_anaconda_002.jpg]
[tushare.pro/files/pro/img/install_anaconda_003.jpg]
[tushare.pro/files/pro/img/install_anaconda_004.jpg]
[tushare.pro/files/pro/img/install_anaconda_005.jpg]
[tushare.pro/files/pro/img/install_anaconda_006.jpg]
[tushare.pro/files/pro/img/install_anaconda_007.jpg]
[tushare.pro/files/pro/img/install_anaconda_008.jpg]
[tushare.pro/files/pro/img/install_anaconda_009.jpg]
[tushare.pro/files/pro/img/install_anaconda_010.jpg]
[tushare.pro/files/pro/img/install_anaconda_011.jpg]
[tushare.pro/document/1cd35.html]
[tushare.pro/document/145ad.html]
[tushare.pro/document/172c5.html]
[tushare.pro/document/19a2a.html]
[tushare.pro/document/135a1.html]
[tushare.pro/files/pro/img/register_tushare_002.jpg]
[tushare.pro/files/pro/img/register_tushare_003.jpg]
[tushare.pro/document/14dd7.html]
[tushare.pro/files/pro/img/get_token_001.jpg]
[tushare.pro/files/pro/img/get_token_002.jpg]
[tushare.pro/files/pro/img/get_token_003.jpg]
[tushare.pro/files/pro/img/get_token_004.jpg]
[tushare.pro/document/16272.html]
[tushare.pro/document/1e8ce.html]
[tushare.pro/document/1484e.html]
[tushare.pro/files/img/h.png]
[tushare.pro/files/img/11.png]
[tushare.pro/files/img/12.png]
[tushare.pro/document/14346.html]
[tushare.pro/document/1b3f2.html]
[tushare.pro/files/img/wechat_ts.png]
[tushare.pro/files/img/22.png]
[tushare.pro/files/img/23.png]
[tushare.pro/files/img/24.png]
[tushare.pro/files/img/25.png]
[tushare.pro/document/17091.html]
[tushare.pro/files/img/26.png]
[tushare.pro/files/img/31.png]
[tushare.pro/files/img/33.png]
[tushare.pro/files/img/34.png]
[tushare.pro/files/img/35.png]
[tushare.org/img/37.png]
[tushare.pro/files/img/36.png]
[tushare.pro/document/1999e.html]
[tushare.pro/document/1bc5e.html]
[tushare.pro/document/187bb.html]
[tushare.pro/document/1196b.html]
[tushare.pro/document/168c7.html]
[tushare.pro/document/17298.html]
[tushare.pro/document/1c633.html]
[tushare.pro/files/img/39.png]
[tushare.pro/document/1a06a.html]
[tushare.pro/document/14673.html]
[tushare.pro/document/1ecce.html]
[tushare.pro/document/12e9e.html]
[tushare.pro/document/1a06c.html]
[tushare.pro/document/193e4.html]
[tushare.pro/document/13600.html]
[tushare.pro/document/1ee27.html]
[tushare.pro/document/1501f.html]
[tushare.pro/files/img/retry.png]
[tushare.pro/files/img/38.png]
[tushare.pro/files/pro/img/pycharm/pyc_1.png]
[tushare.pro/files/pro/img/pycharm/pyc_6.png]
[tushare.pro/files/pro/img/pycharm/pyc_7.png]
[tushare.pro/files/pro/img/pycharm/pyc_8.png]
[tushare.pro/files/pro/img/pycharm/pyc_9.png]
[tushare.pro/files/pro/img/pycharm/pyc_10.png]
[tushare.pro/files/pro/img/pycharm/pyc_11.png]
[tushare.pro/files/pro/img/pycharm/pyc_12.png]
[tushare.pro/files/pro/img/pycharm/pyc_13.png]
[tushare.pro/files/pro/img/pycharm/pyc_14.png]
[tushare.pro/files/pro/img/pycharm/pyc_15.png]
[tushare.pro/files/pro/img/pycharm/pyc_16.png]
[tushare.pro/document/10ed4.html]
[tushare.pro/files/pro/img/pycharm/pyc_17.png]
[tushare.pro/files/pro/u1/ml_qta_001.jpg]
[tushare.pro/document/19306.html]
[tushare.pro/document/1fb44.html]
[tushare.pro/files/pro/u1/ml_qta2_001.jpg]
[tushare.pro/files/pro/u1/ml_qta2_002.jpg]
[tushare.pro/files/pro/u1/ml_qta2_003.jpg]
[tushare.pro/files/pro/u1/ml_qta2_004.jpg]
[tushare.pro/document/13729.html]
[tushare.pro/files/pro/img/ml_qta3_001.jpg]
[tushare.pro/files/pro/img/ml_qta3_002.jpg]
[tushare.pro/files/pro/img/ml_qta3_003.jpg]
[tushare.pro/files/pro/img/ml_qta3_004.jpg]
[tushare.pro/document/12451.html]
[tushare.pro/document/17380.html]
[tushare.pro/document/179e8.html]
[tushare.pro/document/164bf.html]
[tushare.pro/files/img/px1.png]
[tushare.pro/document/179bd.html]
[tushare.pro/files/img/px2.png]
[tushare.pro/document/13f4d.html]
[tushare.pro/document/1451b.html]
[tushare.pro/files/img/zf.png]
[tushare.pro/document/1ffc5.html]
[tushare.pro/files/img/a.png]
[tushare.pro/document/17516.html]
[tushare.pro/document/1a511.html]
[tushare.pro/document/1bc5e-2.html]
[tushare.pro/document/1b4f4.html]
[tushare.pro/document/180e0.html]
[tushare.pro/files/web/ybpx.png]
[tushare.pro/files/web/dndx.png]
[tushare.pro/files/web/hnlg.png]
[tushare.pro/files/web/zncj.png]
[tushare.pro/files/web/gdwm.png]
[tushare.pro/files/web/xnzf.png]
[tushare.pro/document/15f19.html]
[tushare.pro/files/web/sdjt.png]
[tushare.pro/document/1ba41.html]
[tushare.pro/files/web/pinfo.png]
[tushare.pro/document/1d1d1.html]
[tushare.pro/files/web/qywx.png]
[tushare.pro/files/img/q/q3.jpg]
[tushare.pro/files/img/q/q1.jpg]
[tushare.pro/files/img/q/q2.jpg]
[tushare.pro/document/1ceff.html]
[tushare.pro/document/1e53d.html]
[tushare.pro/document/1e06e.html]
[tushare.pro/document/186b4.html]
[tushare.pro/document/1422b.html]
[tushare.pro/document/18da9.html]
[tushare.pro/document/13272.html]
[tushare.pro/document/214d5.html]
[tushare.pro/document/2ebb5.html]
[tushare.pro/document/416cea.html]
[tushare.pro/document/411da5.html]
[tushare.org/logo/maidsafecoin.png]
[tushare.org/logo/bitcoin.png]
[tushare.org/logo/ripple.png]
[tushare.org/logo/namecoin.png]
[tushare.org/logo/litecoin.png]
[tushare.org/logo/bytecoin.png]
[tushare.org/logo/peercoin.png]
[tushare.org/logo/novacoin.png]
[tushare.org/logo/feathercoin.png]
[tushare.org/logo/ixcoin.png]
[tushare.org/logo/yacoin.png]
[tushare.org/logo/worldcoin.png]
[tushare.org/logo/digitalcoin.png]
[tushare.org/logo/florincoin.png]
[tushare.org/logo/omni.png]
[tushare.org/logo/argentum.png]
[tushare.org/logo/infinitecoin.png]
[tushare.org/logo/primecoin.png]
[tushare.org/logo/diamond.png]
[tushare.org/logo/spots.png]
[tushare.org/logo/zetacoin.png]
[tushare.org/logo/zhaocaicoin.png]
[tushare.org/logo/quark.png]
[tushare.org/logo/lotterytickets.png]
[tushare.org/logo/securecoin.png]
[tushare.org/logo/tagcoin.png]
[tushare.org/logo/nextcoin.png]
[tushare.org/logo/monacoin.png]
[tushare.org/logo/emercoin.png]
[tushare.org/logo/sexcoin.png]
[tushare.org/logo/freezecoin.png]
[tushare.org/logo/dogecoin.png]
[tushare.org/logo/deutscheemark.png]
[tushare.org/logo/nimiq.png]
[tushare.org/logo/grandcoin.png]
[tushare.org/logo/orbitcoin.png]
[tushare.org/logo/counterparty.png]
[tushare.org/logo/ronpaulcoin.png]
[tushare.org/logo/vertcoin.png]
[tushare.org/logo/digibyte.png]
[tushare.org/logo/42-coin.png]
[tushare.org/logo/ybcoin.png]
[tushare.org/logo/dash.png]
[tushare.org/logo/potcoin.png]
[tushare.org/logo/auroracoin.png]
[tushare.org/logo/liteshare.png]
[tushare.org/logo/reddcoin.png]
[tushare.org/logo/klondikecoin.png]
[tushare.org/logo/maxcoin.png]
[tushare.org/logo/teslacoin.png]
[tushare.org/logo/noblecoin.png]
[tushare.org/logo/blakecoin.png]
[tushare.org/logo/huntercoin.png]
[tushare.org/logo/blackcoin.png]
[tushare.org/logo/gamecredits.png]
[tushare.org/logo/cachecoin.png]
[tushare.org/logo/topcoin.png]
[tushare.org/logo/myriad.png]
[tushare.org/logo/dopecoin.png]
[tushare.org/logo/maza.png]
[tushare.org/logo/riecoin.png]
[tushare.org/logo/pandacoin.png]
[tushare.org/logo/animecoin.png]
[tushare.org/logo/einsteinium.png]
[tushare.org/logo/batcoin.png]
[tushare.org/logo/dynamiccoin.png]
[tushare.org/logo/skeincoin.png]
[tushare.org/logo/rubycoin.png]
[tushare.org/logo/belacoin.png]
[tushare.org/logo/zeitcoin.png]
[tushare.org/logo/groestlcoin.png]
[tushare.org/logo/petrodollar.png]
[tushare.org/logo/monero.png]
[tushare.org/logo/whitecoin.png]
[tushare.org/logo/tattoocoin(limitededition).png]
[tushare.org/logo/slothcoin.png]
[tushare.org/logo/bitcoinplus.png]
[tushare.org/logo/vericoin.png]
[tushare.org/logo/pinkcoin.png]
[tushare.org/logo/guncoin.png]
[tushare.org/logo/coffeecoin.png]
[tushare.org/logo/energycoin.png]
[tushare.org/logo/goldcoin.png]
[tushare.org/logo/tekcoin.png]
[tushare.org/logo/unbreakablecoin.png]
[tushare.org/logo/photon.png]
[tushare.org/logo/qora.png]
[tushare.org/logo/cryptcoin.png]
[tushare.org/logo/supercoin.png]
[tushare.org/logo/boostcoin.png]
[tushare.org/logo/hyper.png]
[tushare.org/logo/systemworkingtokenchina.png]
[tushare.org/logo/neo.png]
[tushare.org/logo/dimecoin.png]
[tushare.org/logo/bitsend.png]
[tushare.org/logo/coin2.1.png]
[tushare.org/logo/granite.png]
[tushare.org/logo/donationcoin.png]
[tushare.org/logo/startcoin.png]
[tushare.org/logo/digitalnote.png]
[tushare.org/logo/shacoin.png]
[tushare.org/logo/navcoin.png]
[tushare.org/logo/bitcoindark.png]
[tushare.org/logo/trustplus.png]
[tushare.org/logo/stealthcoin.png]
[tushare.org/logo/bitshares.png]
[tushare.org/logo/viacoin.png]
[tushare.org/logo/triangles.png]
[tushare.org/logo/ethereum.png]
[tushare.org/logo/bitquark.png]
[tushare.org/logo/stellar.png]
[tushare.org/logo/cannabiscoin.png]
[tushare.org/logo/virtacoin.png]
[tushare.org/logo/burst.png]
[tushare.org/logo/hyperstake.png]
[tushare.org/logo/syscoin.png]
[tushare.org/logo/storjcoinx.png]
[tushare.org/logo/neoscoin.png]
[tushare.org/logo/joincoin.png]
[tushare.org/logo/titcoin.png]
[tushare.org/logo/rabbitcoin.png]
[tushare.org/logo/wearesatoshi.png]
[tushare.org/logo/bongger.png]
[tushare.org/logo/bunnycoin.png]
[tushare.org/logo/opal.png]
[tushare.org/logo/magi.png]
[tushare.org/logo/bitswift.png]
[tushare.org/logo/exclusivecoin.png]
[tushare.org/logo/trollcoin.png]
[tushare.org/logo/darknetcoin.png]
[tushare.org/logo/globalboost-y.png]
[tushare.org/logo/prime-xi.png]
[tushare.org/logo/digitalprice.png]
[tushare.org/logo/aurumcoin.png]
[tushare.org/logo/dashcoin.png]
[tushare.org/logo/blocknet.png]
[tushare.org/logo/ganjacoin.png]
[tushare.org/logo/verge.png]
[tushare.org/logo/rimbit.png]
[tushare.org/logo/fireflycoin.png]
[tushare.org/logo/blitzcash.png]
[tushare.org/logo/uniformfiscalobject.png]
[tushare.org/logo/tittiecoin.png]
[tushare.org/logo/bytecent.png]
[tushare.org/logo/crown.png]
[tushare.org/logo/gcncoin.png]
[tushare.org/logo/bitbay.png]
[tushare.org/logo/okcash.png]
[tushare.org/logo/tetherusd.png]
[tushare.org/logo/bitcoinfast.png]
[tushare.org/logo/uncoin.png]
[tushare.org/logo/vtorrent.png]
[tushare.org/logo/bitgold.png]
[tushare.org/logo/unitus.png]
[tushare.org/logo/nexus.png]
[tushare.org/logo/incakoin.png]
[tushare.org/logo/foldingcoin.png]
[tushare.org/logo/machinecoin.png]
[tushare.org/logo/kobocoin.png]
[tushare.org/logo/bitbean.png]
[tushare.org/logo/x-coin.png]
[tushare.org/logo/gridcoin.png]
[tushare.org/logo/wildbeastblock.png]
[tushare.org/logo/litedoge.png]
[tushare.org/logo/gambit.png]
[tushare.org/logo/neweconomymovement.png]
[tushare.org/logo/leacoin.png]
[tushare.org/logo/neutron.png]
[tushare.org/logo/californium.png]
[tushare.org/logo/bubble.png]
[tushare.org/logo/bata.png]
[tushare.org/logo/bitcrystals.png]
[tushare.org/logo/bitz.png]
[tushare.org/logo/synergy.png]
[tushare.org/logo/europecoin.png]
[tushare.org/logo/metalmusiccoin.png]
[tushare.org/logo/siacoin.png]
[tushare.org/logo/irishcoin.png]
[tushare.org/logo/polocoin.png]
[tushare.org/logo/crevacoin.png]
[tushare.org/logo/bitzeny.png]
[tushare.org/logo/bowscoin.png]
[tushare.org/logo/compucoin.png]
[tushare.org/logo/chaincoin.png]
[tushare.org/logo/futcoin.png]
[tushare.org/logo/helleniccoin.png]
[tushare.org/logo/aeon.png]
[tushare.org/logo/sjwcoin.png]
[tushare.org/logo/guccionecoin.png]
[tushare.org/logo/transfercointfc.png]
[tushare.org/logo/transfercoin.png]
[tushare.org/logo/sydpak.png]
[tushare.org/logo/expanse.png]
[tushare.org/logo/factom.png]
[tushare.org/logo/bolivarcoin.png]
[tushare.org/logo/shift.png]
[tushare.org/logo/fonziecoin.png]
[tushare.org/logo/pakcoin.png]
[tushare.org/logo/influxcoin.png]
[tushare.org/logo/steps.png]
[tushare.org/logo/digicube.png]
[tushare.org/logo/iota.png]
[tushare.org/logo/ethereumclassic.png]
[tushare.org/logo/obits.png]
[tushare.org/logo/synereo.png]
[tushare.org/logo/bitcoins.games.png]
[tushare.org/logo/clubcoin.png]
[tushare.org/logo/pluton.png]
[tushare.org/logo/rhinocoin.png]
[tushare.org/logo/creditbit.png]
[tushare.org/logo/radium.png]
[tushare.org/logo/yocoin.png]
[tushare.org/logo/pivx.png]
[tushare.org/logo/francs.png]
[tushare.org/logo/evilcoin.png]
[tushare.org/logo/monkeytreasurecoin.png]
[tushare.org/logo/qiecoin.png]
[tushare.org/logo/ventureinvestmentcoin.png]
[tushare.org/logo/safeexchangecoin.png]
[tushare.org/logo/metachain.png]
[tushare.org/logo/rubies.png]
[tushare.org/logo/kilocoin.png]
[tushare.org/logo/trumpcoin.png]
[tushare.org/logo/fhcoin.png]
[tushare.org/logo/c-bit.png]
[tushare.org/logo/lemoncoin.png]
[tushare.org/logo/nevacoin.png]
[tushare.org/logo/revolutionvr.png]
[tushare.org/logo/lisk.png]
[tushare.org/logo/mojocoin.png]
[tushare.org/logo/luckycoin.png]
[tushare.org/logo/edrcoin.png]
[tushare.org/logo/2give.png]
[tushare.org/logo/lomocoin.png]
[tushare.org/logo/steem.png]
[tushare.org/logo/mermaidcoin.png]
[tushare.org/logo/postcoin.png]
[tushare.org/logo/espers.png]
[tushare.org/logo/onecoinoneworld.png]
[tushare.org/logo/aquariuscoin.png]
[tushare.org/logo/elcoin.png]
[tushare.org/logo/mxicoin.png]
[tushare.org/logo/meitongcoin.png]
[tushare.org/logo/platinumbar.png]
[tushare.org/logo/alphabit.png]
[tushare.org/logo/waves.png]
[tushare.org/logo/russiacoin.png]
[tushare.org/logo/newbium.png]
[tushare.org/logo/bitcedi.png]
[tushare.org/logo/revolvercoin.png]
[tushare.org/logo/mineum.png]
[tushare.org/logo/langyacoin.png]
[tushare.org/logo/litecred.png]
[tushare.org/logo/lbrycredits.png]
[tushare.org/logo/breakout.png]
[tushare.org/logo/kentcoin.png]
[tushare.org/logo/syndicate.png]
[tushare.org/logo/reecoin.png]
[tushare.org/logo/cryptojacks.png]
[tushare.org/logo/letitride.png]
[tushare.org/logo/steemdollars.png]
[tushare.org/logo/808coin.png]
[tushare.org/logo/firstbitcoin.png]
[tushare.org/logo/morco.png]
[tushare.org/logo/elementrem.png]
[tushare.org/logo/stratis.png]
[tushare.org/logo/karbo.png]
[tushare.org/logo/ubiq.png]
[tushare.org/logo/arroncoin.png]
[tushare.org/logo/asch.png]
[tushare.org/logo/zonecoin.png]
[tushare.org/logo/presidenttrump.png]
[tushare.org/logo/blockpay.png]
[tushare.org/logo/techshares.png]
[tushare.org/logo/artexcoin.png]
[tushare.org/logo/zcoin.png]
[tushare.org/logo/veltor.png]
[tushare.org/logo/nolimitcoin.png]
[tushare.org/logo/bitcloud.png]
[tushare.org/logo/komodo.png]
[tushare.org/logo/sequence.png]
[tushare.org/logo/verium.png]
[tushare.org/logo/beatcoin.png]
[tushare.org/logo/lazaruscoin.png]
[tushare.org/logo/pepecash.png]
[tushare.org/logo/reputation.png]
[tushare.org/logo/singulardtv.png]
[tushare.org/logo/atomiccoin.png]
[tushare.org/logo/sakuracoin.png]
[tushare.org/logo/sanchain.png]
[tushare.org/logo/cubits.png]
[tushare.org/logo/zcash.png]
[tushare.org/logo/impulsecoin.png]
[tushare.org/logo/golos.png]
[tushare.org/logo/bipcoin.png]
[tushare.org/logo/zclassic.png]
[tushare.org/logo/waspace.png]
[tushare.org/logo/golem.png]
[tushare.org/logo/vslice.png]
[tushare.org/logo/zetamicron.png]
[tushare.org/logo/rega.png]
[tushare.org/logo/internetofpeople.png]
[tushare.org/logo/veros.png]
[tushare.org/logo/creatio.png]
[tushare.org/logo/eternity.png]
[tushare.org/logo/incent.png]
[tushare.org/logo/kurrent.png]
[tushare.org/logo/snovio.png]
[tushare.org/logo/nexium.png]
[tushare.org/logo/t-coin.png]
[tushare.org/logo/shilling.png]
[tushare.org/logo/dollaronline.png]
[tushare.org/logo/vaultcoin.png]
[tushare.org/logo/aeternity.png]
[tushare.org/logo/playgroundcredit.png]
[tushare.org/logo/globalblockchainindex.png]
[tushare.org/logo/ardor.png]
[tushare.org/logo/poswcoin.png]
[tushare.org/logo/benjirolls.png]
[tushare.org/logo/purevidz.png]
[tushare.org/logo/icobid.png]
[tushare.org/logo/maker.png]
[tushare.org/logo/byteballbytes.png]
[tushare.org/logo/starfishchain.png]
[tushare.org/logo/zilbercoin.png]
[tushare.org/logo/eryllium.png]
[tushare.org/logo/doubloon.png]
[tushare.org/logo/metaverseetp.png]
[tushare.org/logo/wavescommunitytoken.png]
[tushare.org/logo/golosgold.png]
[tushare.org/logo/melon.png]
[tushare.org/logo/ridemycar.png]
[tushare.org/logo/marijuanacoin.png]
[tushare.org/logo/allion.png]
[tushare.org/logo/argus.png]
[tushare.org/logo/edgeless.png]
[tushare.org/logo/dao.casino.png]
[tushare.org/logo/ur.png]
[tushare.org/logo/humaniq.png]
[tushare.org/logo/visio.png]
[tushare.org/logo/marxcoin.png]
[tushare.org/logo/netko.png]
[tushare.org/logo/qtumblockchain.png]
[tushare.org/logo/pascallite.png]
[tushare.org/logo/milocoin.png]
[tushare.org/logo/proudmoney.png]
[tushare.org/logo/zero.png]
[tushare.org/logo/quantumresistantledger.png]
[tushare.org/logo/tokesplatform.png]
[tushare.org/logo/lunyr.png]
[tushare.org/logo/mergecoin.png]
[tushare.org/logo/zsecoin.png]
[tushare.org/logo/blockchaincapital.png]
[tushare.org/logo/riptobux.png]
[tushare.org/logo/ultimatesecurecash.png]
[tushare.org/logo/inpay.png]
[tushare.org/logo/rhfcoin.png]
[tushare.org/logo/blazercoin.png]
[tushare.org/logo/iexecrlc.png]
[tushare.org/logo/gnosis.png]
[tushare.org/logo/mobilego.png]
[tushare.org/logo/altcoin.png]
[tushare.org/logo/dashs.png]
[tushare.org/logo/macron.png]
[tushare.org/logo/taas.png]
[tushare.org/logo/procurrency.png]
[tushare.org/logo/matchpool.png]
[tushare.org/logo/tokencard.png]
[tushare.org/logo/goldpressedlatinum.png]
[tushare.org/logo/condensate.png]
[tushare.org/logo/nzed.png]
[tushare.org/logo/cannation.png]
[tushare.org/logo/minereum.png]
[tushare.org/logo/creativecoin.png]
[tushare.org/logo/aragon.png]
[tushare.org/logo/halloweencoin.png]
[tushare.org/logo/etheroll.png]
[tushare.org/logo/insanecoin.png]
[tushare.org/logo/wings.png]
[tushare.org/logo/zencash.png]
[tushare.org/logo/roulettetoken.png]
[tushare.org/logo/ark.png]
[tushare.org/logo/clams.png]
[tushare.org/logo/equitrader.png]
[tushare.org/logo/pascalcoin.png]
[tushare.org/logo/basicattentiontoken.png]
[tushare.org/logo/sumokoin.png]
[tushare.org/logo/encrypgen.png]
[tushare.org/logo/vcash.png]
[tushare.org/logo/socialnetworkcoin.png]
[tushare.org/logo/monsterbyte.png]
[tushare.org/logo/stex.png]
[tushare.org/logo/eboost.png]
[tushare.org/logo/quantum.png]
[tushare.org/logo/encryptotel[eth].png]
[tushare.org/logo/bancor.png]
[tushare.org/logo/gxchain.png]
[tushare.org/logo/zrcoin.png]
[tushare.org/logo/globaltoken.png]
[tushare.org/logo/cofound.it.png]
[tushare.org/logo/statusnetworktoken.png]
[tushare.org/logo/openanx.png]
[tushare.org/logo/numeraire.png]
[tushare.org/logo/oiocoin.png]
[tushare.org/logo/elastic.png]
[tushare.org/logo/octanox.png]
[tushare.org/logo/dinastycoin.png]
[tushare.org/logo/goodomy.png]
[tushare.org/logo/miners'rewardtoken.png]
[tushare.org/logo/onix.png]
[tushare.org/logo/bitok.png]
[tushare.org/logo/bitradio.png]
[tushare.org/logo/omisego.png]
[tushare.org/logo/funfair.png]
[tushare.org/logo/hshare.png]
[tushare.org/logo/chancoin.png]
[tushare.org/logo/adexnetwork.png]
[tushare.org/logo/decent.png]
[tushare.org/logo/turbocoin.png]
[tushare.org/logo/bnrtxcoin.png]
[tushare.org/logo/enterpriseoperationsystem.png]
[tushare.org/logo/storj.png]
[tushare.org/logo/denarius.png]
[tushare.org/logo/adtoken.png]
[tushare.org/logo/monaco.png]
[tushare.org/logo/cryptoping.png]
[tushare.org/logo/uselessethereumtoken.png]
[tushare.org/logo/wagerrcoin.png]
[tushare.org/logo/universalroyalcoin.png]
[tushare.org/logo/suncontract.png]
[tushare.org/logo/polybius.png]
[tushare.org/logo/binancecoin.png]
[tushare.org/logo/cardano.png]
[tushare.org/logo/ethbits.png]
[tushare.org/logo/w3coin.png]
[tushare.org/logo/trycoin.png]
[tushare.org/logo/sphreair.png]
[tushare.org/logo/virtauniquecoin.png]
[tushare.org/logo/bitdeal.png]
[tushare.org/logo/populous.png]
[tushare.org/logo/fincoin.png]
[tushare.pro/document/411044.html]
[tushare.org/logo/3dblockchaintoken.png]
[tushare.org/logo/3dchain.png]
[tushare.org/logo/7ype.png]
[tushare.org/logo/acuteanglecloud.png]
[tushare.org/logo/artbyte.png]
[tushare.org/logo/achain.png]
[tushare.org/logo/adbank.png]
[tushare.org/logo/audiocoin.png]
[tushare.org/logo/addtoken.png]
[tushare.org/logo/eosadd.png]
[tushare.org/logo/adhive.png]
[tushare.org/logo/aditus.png]
[tushare.org/logo/adzcoin.png]
[tushare.org/logo/assetfun.png]
[tushare.org/logo/singularitynet.png]
[tushare.org/logo/artificialintelligencecoin.png]
[tushare.org/logo/aidoctor.png]
[tushare.org/logo/aichain.png]
[tushare.org/logo/ailink.png]
[tushare.org/logo/alis.png]
[tushare.org/logo/alax.png]
[tushare.org/logo/aurora.png]
[tushare.org/logo/aphelion.png]
[tushare.org/logo/appcoins.png]
[tushare.org/logo/arbitragect.png]
[tushare.org/logo/aeron.png]
[tushare.org/logo/apprenderingpower.png]
[tushare.org/logo/maecenas.png]
[tushare.org/logo/atbcoin.png]
[tushare.org/logo/atlant.png]
[tushare.org/logo/atn.png]
[tushare.org/logo/aucoin.png]
[tushare.org/logo/auctustoken.png]
[tushare.org/logo/cube.png]
[tushare.org/logo/aventus.png]
[tushare.org/logo/b2bx.png]
[tushare.org/logo/blockchainofaiandiot.png]
[tushare.org/logo/banca.png]
[tushare.org/logo/batt.png]
[tushare.org/logo/babb.png]
[tushare.org/logo/banyannetwork.png]
[tushare.org/logo/bitboost.png]
[tushare.org/logo/blockcdn.png]
[tushare.org/logo/bcoo.png]
[tushare.org/logo/bitcapitalvendor.png]
[tushare.org/logo/beautybloc.png]
[tushare.org/logo/beautychain.png]
[tushare.org/logo/beetoken.png]
[tushare.org/logo/rentberry.png]
[tushare.org/logo/betterbetting.png]
[tushare.org/logo/bezop.png]
[tushare.org/logo/bnktothefuture.png]
[tushare.org/logo/binpay.png]
[tushare.org/logo/biocoin.png]
[tushare.org/logo/bitcar.png]
[tushare.org/logo/bitethereum.png]
[tushare.org/logo/bkbt.png]
[tushare.org/logo/bkk.png]
[tushare.org/logo/bloom.png]
[tushare.org/logo/bmbchain.png]
[tushare.org/logo/bmchain.png]
[tushare.org/logo/bounty0x.png]
[tushare.org/logo/boscoin.png]
[tushare.org/logo/bodhi.png]
[tushare.org/logo/communityproofofstake.png]
[tushare.org/logo/bitquence.png]
[tushare.org/logo/brother.png]
[tushare.org/logo/brahmaos.png]
[tushare.org/logo/blockchainsourcetoken.png]
[tushare.org/logo/bituantoken.png]
[tushare.org/logo/btextoken.png]
[tushare.org/logo/bitbar.png]
[tushare.org/logo/bitbrothers.png]
[tushare.org/logo/budbo.png]
[tushare.org/logo/bitup.png]
[tushare.org/logo/vtchain.png]
[tushare.org/logo/bittwatt.png]
[tushare.org/logo/biyuancoin.png]
[tushare.org/logo/bezant.png]
[tushare.org/logo/change.png]
[tushare.org/logo/caitoday.png]
[tushare.org/logo/canya.png]
[tushare.org/logo/contentandadnetwork.png]
[tushare.org/logo/carblock.png]
[tushare.org/logo/careercoin.png]
[tushare.org/logo/cardstack.png]
[tushare.org/logo/cashaa.png]
[tushare.org/logo/cashbetcoin.png]
[tushare.org/logo/commerceblock.png]
[tushare.org/logo/clippercoin.png]
[tushare.org/logo/cryptocarbon.png]
[tushare.org/logo/crystalclear.png]
[tushare.org/logo/celsius.png]
[tushare.org/logo/cfun.png]
[tushare.org/logo/chips.png]
[tushare.org/logo/chainium.png]
[tushare.org/logo/commodity&holdingsexchange(chex).png]
[tushare.org/logo/cloud.png]
[tushare.org/logo/carinet.png]
[tushare.org/logo/cloudmediacoin.png]
[tushare.org/logo/crowdmachine.png]
[tushare.org/logo/currencynetwork.png]
[tushare.org/logo/cryptonex.png]
[tushare.org/logo/colossusxt.png]
[tushare.org/logo/cosmocoin.png]
[tushare.org/logo/coss.png]
[tushare.org/logo/covesting.png]
[tushare.org/logo/cryptopay.png]
[tushare.org/logo/cpchain.png]
[tushare.org/logo/cryptaur.png]
[tushare.org/logo/crave.png]
[tushare.org/logo/crycash.png]
[tushare.org/logo/verify.png]
[tushare.org/logo/credits.png]
[tushare.org/logo/bitdice.png]
[tushare.org/logo/credittagchain.png]
[tushare.org/logo/cortex.png]
[tushare.org/logo/civic.png]
[tushare.org/logo/cypher.png]
[tushare.org/logo/davincicoin.png]
[tushare.org/logo/hdac.png]
[tushare.org/logo/constellation.png]
[tushare.org/logo/dagxnetworks.png]
[tushare.org/logo/dai.png]
[tushare.org/logo/daneel.png]
[tushare.org/logo/dangdangchain.png]
[tushare.org/logo/datum.png]
[tushare.org/logo/streamrdatacoin.png]
[tushare.org/logo/datx.png]
[tushare.org/logo/deepbrainchain.png]
[tushare.org/logo/digitaldevelopersfund.png]
[tushare.org/logo/deuscoin.png]
[tushare.org/logo/digixdao.png]
[tushare.org/logo/digipulse.png]
[tushare.org/logo/dimcoin.png]
[tushare.org/logo/agrello.png]
[tushare.org/logo/district0x.png]
[tushare.org/logo/dorado.png]
[tushare.org/logo/datashield.png]
[tushare.org/logo/databits.png]
[tushare.org/logo/dether.png]
[tushare.org/logo/ducatuscoin.png]
[tushare.org/logo/datawallet.png]
[tushare.org/logo/ebcoin.png]
[tushare.org/logo/ethbet.png]
[tushare.org/logo/ebitcoin.png]
[tushare.org/logo/ecomchain.png]
[tushare.org/logo/superedge.png]
[tushare.org/logo/eidoo.png]
[tushare.org/logo/endor.png]
[tushare.org/logo/educoin.png]
[tushare.org/logo/engine.png]
[tushare.org/logo/etherjoy.png]
[tushare.org/logo/elf.png]
[tushare.org/logo/enigma.png]
[tushare.org/logo/entcash.png]
[tushare.org/logo/electronicpkchain.png]
[tushare.org/logo/eroscoin.png]
[tushare.org/logo/esportstoken.png]
[tushare.org/logo/energitoken.png]
[tushare.org/logo/eventchain.png]
[tushare.org/logo/experty.png]
[tushare.org/logo/eztoken.png]
[tushare.org/logo/foragriculturechain.png]
[tushare.org/logo/faceter.png]
[tushare.org/logo/fair.game.png]
[tushare.org/logo/filecoin.png]
[tushare.org/logo/flash.png]
[tushare.org/logo/fluzfluz.png]
[tushare.org/logo/fundrequest.png]
[tushare.org/logo/fortuna.png]
[tushare.org/logo/fintruxnetwork.png]
[tushare.org/logo/etherparty.png]
[tushare.org/logo/fuzex.png]
[tushare.org/logo/fundyourselfnow.png]
[tushare.org/logo/flypme.png]
[tushare.org/logo/gatcoin.png]
[tushare.org/logo/globalaextoken.png]
[tushare.org/logo/gobyte.png]
[tushare.org/logo/gamechainsystem.png]
[tushare.org/logo/goldenworld.png]
[tushare.org/logo/gems.png]
[tushare.org/logo/daostack.png]
[tushare.org/logo/getprotocol.png]
[tushare.org/logo/themis.png]
[tushare.org/logo/globalgamepaymentcurrency.png]
[tushare.org/logo/gicc.png]
[tushare.org/logo/gincoin.png]
[tushare.org/logo/gochain.png]
[tushare.org/logo/gamblingpornnetwork.png]
[tushare.org/logo/globalsocialchain.png]
[tushare.org/logo/game.comtoken.png]
[tushare.org/logo/globaltourcoin.png]
[tushare.org/logo/peerguess.png]
[tushare.org/logo/globalvillageecotoken.png]
[tushare.org/logo/genesisvision.png]
[tushare.org/logo/hackspacecapital.png]
[tushare.org/logo/showhand.png]
[tushare.org/logo/havven.png]
[tushare.org/logo/harvestmasternodecoin.png]
[tushare.org/logo/healthcarechain.png]
[tushare.org/logo/heat.png]
[tushare.org/logo/herochain.png]
[tushare.org/logo/hellogold.png]
[tushare.org/logo/hirematch.png]
[tushare.org/logo/halalchain.png]
[tushare.org/logo/himutualsociety.png]
[tushare.org/logo/hold.png]
[tushare.org/logo/interstellarholdings.png]
[tushare.org/logo/hours.png]
[tushare.org/logo/hotchain.png]
[tushare.org/logo/happycoin.png]
[tushare.org/logo/hashpowertoken.png]
[tushare.org/logo/hoqu.png]
[tushare.org/logo/hurify.png]
[tushare.org/logo/hush.png]
[tushare.org/logo/hexxcoin.png]
[tushare.org/logo/hydrogen.png]
[tushare.org/logo/icoin.png]
[tushare.org/logo/iconomi.png]
[tushare.org/logo/icos.png]
[tushare.org/logo/icon.png]
[tushare.org/logo/idchain.png]
[tushare.org/logo/idhub.png]
[tushare.org/logo/investfeed.png]
[tushare.org/logo/ignis.png]
[tushare.org/logo/influencecoin.png]
[tushare.org/logo/indorsetoken.png]
[tushare.org/logo/ink.png]
[tushare.org/logo/insecosystem.png]
[tushare.org/logo/insightsnetwork.png]
[tushare.org/logo/insurchain.png]
[tushare.org/logo/internetnodetoken.png]
[tushare.org/logo/intimacy.png]
[tushare.org/logo/internxt.png]
[tushare.org/logo/iocoin.png]
[tushare.org/logo/ipchain.png]
[tushare.org/logo/insurepal.png]
[tushare.org/logo/ipexchange.png]
[tushare.org/logo/iotchain.png]
[tushare.org/logo/ixledger.png]
[tushare.org/logo/jll.png]
[tushare.org/logo/joylinktoken.png]
[tushare.org/logo/jibrelnetwork.png]
[tushare.org/logo/juryonline.png]
[tushare.org/logo/bitkan.png]
[tushare.org/logo/karmacoin.png]
[tushare.org/logo/kcash.png]
[tushare.org/logo/kucoinshares.png]
[tushare.org/logo/bihukey.png]
[tushare.org/logo/selfkey.png]
[tushare.org/logo/kin.png]
[tushare.org/logo/koumeicottage.png]
[tushare.org/logo/libracredit.png]
[tushare.org/logo/litecoincash.png]
[tushare.org/logo/education.png]
[tushare.org/logo/lemochain.png]
[tushare.org/logo/linkeyetoken.png]
[tushare.org/logo/linkcointoken.png]
[tushare.org/logo/linkmanagementchain.png]
[tushare.org/logo/lockchain.png]
[tushare.org/logo/lovechain.png]
[tushare.org/logo/ltecoin.png]
[tushare.org/logo/lutherchain.png]
[tushare.org/logo/litextoken.png]
[tushare.org/logo/maggie.png]
[tushare.org/logo/decentraland.png]
[tushare.org/logo/embers.png]
[tushare.org/logo/moeda.png]
[tushare.org/logo/medishares.png]
[tushare.org/logo/measurabledatatoken.png]
[tushare.org/logo/coinmeet.png]
[tushare.org/logo/mercury.png]
[tushare.org/logo/metronome.png]
[tushare.org/logo/mex.png]
[tushare.org/logo/syncfab.png]
[tushare.org/logo/mgcoinxt.png]
[tushare.org/logo/mithril.png]
[tushare.org/logo/goldmint.png]
[tushare.org/logo/minexcoin.png]
[tushare.org/logo/motherofallchain.png]
[tushare.org/logo/modum.png]
[tushare.org/logo/movitoken.png]
[tushare.org/logo/moneyrebel.png]
[tushare.org/logo/macroversetoken.png]
[tushare.org/logo/modernsportchain.png]
[tushare.org/logo/monspacecoin.png]
[tushare.org/logo/medicaltokencurrency.png]
[tushare.org/logo/mtcmeshnetwork.png]
[tushare.org/logo/monetha.png]
[tushare.org/logo/metal.png]
[tushare.org/logo/medicalchain.png]
[tushare.org/logo/motion.png]
[tushare.org/logo/maverickchain.png]
[tushare.org/logo/merculet.png]
[tushare.org/logo/movement.png]
[tushare.org/logo/maximinecoin.png]
[tushare.org/logo/mysterium.png]
[tushare.org/logo/namtoken.png]
[tushare.org/logo/nanjcoin.png]
[tushare.org/logo/nebulas.png]
[tushare.org/logo/naviaddress.png]
[tushare.org/logo/nebulaai.png]
[tushare.org/logo/nubits.png]
[tushare.org/logo/neurochain.png]
[tushare.org/logo/newtoncoinproject.png]
[tushare.org/logo/polyswarm.png]
[tushare.org/logo/neverdie.png]
[tushare.org/logo/nealtoken.png]
[tushare.org/logo/neblio.png]
[tushare.org/logo/nectar.png]
[tushare.org/logo/neumark.png]
[tushare.org/logo/newifigold.png]
[tushare.org/logo/ngotoken.png]
[tushare.org/logo/newkindofnetwork.png]
[tushare.org/logo/nullex.png]
[tushare.org/logo/newmediatechnology.png]
[tushare.org/logo/noahcoin.png]
[tushare.org/logo/nobscrypto.png]
[tushare.org/logo/nper.png]
[tushare.org/logo/newretailcoin.png]
[tushare.org/logo/narrative.png]
[tushare.org/logo/nushares.png]
[tushare.org/logo/neurotokens.png]
[tushare.org/logo/fujinto.png]
[tushare.org/logo/nexty.png]
[tushare.org/logo/newzone.png]
[tushare.org/logo/oases.png]
[tushare.org/logo/oraclechain.png]
[tushare.org/logo/odem.png]
[tushare.org/logo/ofcoin.png]
[tushare.org/logo/outletschain.png]
[tushare.org/logo/olive.png]
[tushare.org/logo/omegaone.png]
[tushare.org/logo/shivomtoken.png]
[tushare.org/logo/deeponion.png]
[tushare.org/logo/on.live.png]
[tushare.org/logo/galactrum.png]
[tushare.org/logo/origami.png]
[tushare.org/logo/originspor.png]
[tushare.org/logo/opensourcechaian.png]
[tushare.org/logo/outing.png]
[tushare.org/logo/oxycoin.png]
[tushare.org/logo/pac.png]
[tushare.org/logo/playagame.png]
[tushare.org/logo/pchain.png]
[tushare.org/logo/projectpai.png]
[tushare.org/logo/policypalnetwork.png]
[tushare.org/logo/paretonetwork.png]
[tushare.org/logo/northpass.png]
[tushare.org/logo/patron.png]
[tushare.org/logo/pathnetwork.png]
[tushare.org/logo/paypex.png]
[tushare.org/logo/primalbasetoken.png]
[tushare.org/logo/promotionchain.png]
[tushare.org/logo/popchain.png]
[tushare.org/logo/peepcoin.png]
[tushare.org/logo/pelo.png]
[tushare.org/logo/petschain.png]
[tushare.org/logo/pagodacoin.png]
[tushare.org/logo/piplcoin.png]
[tushare.org/logo/pirl.png]
[tushare.org/logo/pitch.png]
[tushare.org/logo/pikciochain.png]
[tushare.org/logo/playkey.png]
[tushare.org/logo/playercoin.png]
[tushare.org/logo/herocoin.png]
[tushare.org/logo/pluscoin.png]
[tushare.org/logo/polcoin.png]
[tushare.org/logo/pumapay.png]
[tushare.org/logo/paymon.png]
[tushare.org/logo/daoplaymarket.png]
[tushare.org/logo/po.et.png]
[tushare.org/logo/poker.io.png]
[tushare.org/logo/clearpoll.png]
[tushare.org/logo/poseidonquark.png]
[tushare.org/logo/powerledger.png]
[tushare.org/logo/prophetset.png]
[tushare.org/logo/peerplays.png]
[tushare.org/logo/prchain.png]
[tushare.org/logo/prototanium.png]
[tushare.org/logo/prochain.png]
[tushare.org/logo/presearch.png]
[tushare.org/logo/paragon.png]
[tushare.org/logo/privatix.png]
[tushare.org/logo/oyster.png]
[tushare.org/logo/propy.png]
[tushare.org/logo/pryze.png]
[tushare.org/logo/prasm.png]
[tushare.org/logo/primas.png]
[tushare.org/logo/porntoken.png]
[tushare.org/logo/pesetacoin.png]
[tushare.org/logo/potentiam.png]
[tushare.org/logo/petsource.png]
[tushare.org/logo/proton.png]
[tushare.org/logo/punchnetwork.png]
[tushare.org/logo/peoplewave.png]
[tushare.org/logo/pixiecoin.png]
[tushare.org/logo/pylon.png]
[tushare.org/logo/qubicle.png]
[tushare.org/logo/qbao.png]
[tushare.org/logo/quarkchain.png]
[tushare.org/logo/chocolates.png]
[tushare.org/logo/quanta.png]
[tushare.org/logo/revain.png]
[tushare.org/logo/racoin.png]
[tushare.org/logo/raretoken.png]
[tushare.org/logo/ravelous.png]
[tushare.org/logo/robomednetwork.png]
[tushare.org/logo/bw2w.png]
[tushare.org/logo/ripiocreditnetwork.png]
[tushare.org/logo/realchain.png]
[tushare.org/logo/reftoken.png]
[tushare.org/logo/republicprotocol.png]
[tushare.org/logo/repo.png]
[tushare.org/logo/refereum.png]
[tushare.org/logo/raisehashpower.png]
[tushare.org/logo/riptidecoin.png]
[tushare.org/logo/rightinternationalmedia.png]
[tushare.org/logo/smartrealty.png]
[tushare.org/logo/rightmesh.png]
[tushare.org/logo/sureremit.png]
[tushare.org/logo/bitrent.png]
[tushare.org/logo/redpillcoin.png]
[tushare.org/logo/rpltoken.png]
[tushare.org/logo/rpttoken.png]
[tushare.org/logo/rupaya.png]
[tushare.org/logo/ravencoin.png]
[tushare.org/logo/rivetz.png]
[tushare.org/logo/salpay.png]
[tushare.org/logo/stockchain.png]
[tushare.org/logo/sociall.png]
[tushare.org/logo/scorecoin.png]
[tushare.org/logo/sixdomainasset.png]
[tushare.org/logo/solardao.png]
[tushare.org/logo/alchemint.png]
[tushare.org/logo/sandianzhongtoken.png]
[tushare.org/logo/seer.png]
[tushare.org/logo/sentinelchain.png]
[tushare.org/logo/sense.png]
[tushare.org/logo/stargramcoin.png]
[tushare.org/logo/sggcoin.png]
[tushare.org/logo/signals.png]
[tushare.org/logo/sgpay.png]
[tushare.org/logo/sgt.png]
[tushare.org/logo/shadowtoken.png]
[tushare.org/logo/shinechain.png]
[tushare.org/logo/shipchain.png]
[tushare.org/logo/oystershell.png]
[tushare.org/logo/showcoin.png]
[tushare.org/logo/sharpeplatformtoken.png]
[tushare.org/logo/shpingcoin.png]
[tushare.org/logo/siberianchervonets.png]
[tushare.org/logo/swisscoin.png]
[tushare.org/logo/singletab.png]
[tushare.org/logo/sirius.png]
[tushare.org/logo/sakurabloom.png]
[tushare.org/logo/skincoin.png]
[tushare.org/logo/skrilla.png]
[tushare.org/logo/smartlands.png]
[tushare.org/logo/sociallendingnetwork.png]
[tushare.org/logo/smebankingplatform.png]
[tushare.org/logo/smoke.png]
[tushare.org/logo/speedminingservice.png]
[tushare.org/logo/allsportscoin.png]
[tushare.org/logo/sopay.png]
[tushare.org/logo/phantasma.png]
[tushare.org/logo/spankchain.png]
[tushare.org/logo/spindle.png]
[tushare.org/logo/stipend.png]
[tushare.org/logo/spescoin.png]
[tushare.org/logo/sportyco.png]
[tushare.org/logo/sophiatx.png]
[tushare.org/logo/sapien.png]
[tushare.org/logo/spartancoin.png]
[tushare.org/logo/spreadcoin.png]
[tushare.org/logo/squeezer.png]
[tushare.org/logo/srcoin.png]
[tushare.org/logo/sirinlabs.png]
[tushare.org/logo/smartshare.png]
[tushare.org/logo/sharechain.png]
[tushare.org/logo/starcashnetwork.png]
[tushare.org/logo/stktoken.png]
[tushare.org/logo/stocoin.png]
[tushare.org/logo/stash.png]
[tushare.org/logo/storiqa.png]
[tushare.org/logo/substratum.png]
[tushare.org/logo/suretly.png]
[tushare.org/logo/savedroid.png]
[tushare.org/logo/swarmfundtoken.png]
[tushare.org/logo/swapcoin.png]
[tushare.org/logo/switcheo.png]
[tushare.org/logo/spectre.ai.png]
[tushare.org/logo/spectre.aiutilitytoken.png]
[tushare.org/logo/talust.png]
[tushare.org/logo/thinkbit.png]
[tushare.org/logo/tokenbook.png]
[tushare.org/logo/timebanktoken.png]
[tushare.org/logo/tripbit.png]
[tushare.org/logo/tokenclubtoken.png]
[tushare.org/logo/tridentcoin.png]
[tushare.org/logo/talenteducation.png]
[tushare.org/logo/teambytokenstars.png]
[tushare.org/logo/tebk.png]
[tushare.org/logo/telcoin.png]
[tushare.org/logo/tokenomy.png]
[tushare.org/logo/trueflip.png]
[tushare.org/logo/taskfair.png]
[tushare.org/logo/truegame.png]
[tushare.org/logo/targetcoin.png]
[tushare.org/logo/hempcoin.png]
[tushare.org/logo/texashold鈥檈mpokerchain.png]
[tushare.org/logo/thrive.png]
[tushare.org/logo/blocktix.png]
[tushare.org/logo/tokia.png]
[tushare.org/logo/cryptoinsight.png]
[tushare.org/logo/transmission.png]
[tushare.org/logo/traxia.png]
[tushare.org/logo/tmtg.png]
[tushare.org/logo/transcodium.png]
[tushare.org/logo/tokenofmaster.png]
[tushare.org/logo/topchaincoin.png]
[tushare.org/logo/thingsopreatingsystem.png]
[tushare.org/logo/touristtoken.png]
[tushare.org/logo/tokenpay.png]
[tushare.org/logo/travel.png]
[tushare.org/logo/origintrail.png]
[tushare.org/logo/trakinvest.png]
[tushare.org/logo/tracto.png]
[tushare.org/logo/travelflexcoin.png]
[tushare.org/logo/triggers.png]
[tushare.org/logo/tripio.png]
[tushare.org/logo/truechain.png]
[tushare.org/logo/tron.png]
[tushare.org/logo/energo.png]
[tushare.org/logo/thunderstonetoken.png]
[tushare.org/logo/trustnote.png]
[tushare.org/logo/tatatu.png]
[tushare.org/logo/tokenfortelevision.png]
[tushare.org/logo/bittubecoin.png]
[tushare.org/logo/twist.png]
[tushare.org/logo/trezarcoin.png]
[tushare.org/logo/ubitcoin.png]
[tushare.org/logo/unibright.png]
[tushare.org/logo/ubiquechainofthings.png]
[tushare.org/logo/upfiring.png]
[tushare.org/logo/unitedgamechain.png]
[tushare.org/logo/ugchain.png]
[tushare.org/logo/unikoingold.png]
[tushare.org/logo/unigame.png]
[tushare.org/logo/unify.png]
[tushare.org/logo/supernet.png]
[tushare.org/logo/uptoken.png]
[tushare.org/logo/uquidcoin.png]
[tushare.org/logo/ulord.png]
[tushare.org/logo/utopia.png]
[tushare.org/logo/utour.png]
[tushare.org/logo/unitedtraderstoken.png]
[tushare.org/logo/unetwork.png]
[tushare.org/logo/valuecybertoken.png]
[tushare.org/logo/vect.png]
[tushare.org/logo/blockv.png]
[tushare.org/logo/vechain.png]
[tushare.org/logo/vibehub.png]
[tushare.org/logo/vinchain.png]
[tushare.org/logo/vipstarcoin.png]
[tushare.org/logo/vite.png]
[tushare.org/logo/viuly.png]
[tushare.org/logo/valuechain.png]
[tushare.org/logo/verime.png]
[tushare.org/logo/venus.png]
[tushare.org/logo/vntchain.png]
[tushare.org/logo/valuepromiseprotocoltoken.png]
[tushare.org/logo/vsport.png]
[tushare.org/logo/vtcoin.png]
[tushare.org/logo/vethortoken.png]
[tushare.org/logo/vuepay.png]
[tushare.org/logo/vuulrtoken.png]
[tushare.org/logo/wabi.png]
[tushare.org/logo/wanchain.png]
[tushare.org/logo/worldgenechain.png]
[tushare.org/logo/webcoin.png]
[tushare.org/logo/wfee.png]
[tushare.org/logo/wavesgo.png]
[tushare.org/logo/wormholecash.png]
[tushare.org/logo/wikibits.png]
[tushare.org/logo/crowdwiz.png]
[tushare.org/logo/witee.png]
[tushare.org/logo/wowbit.png]
[tushare.org/logo/x8x.png]
[tushare.org/logo/billionairetoken.png]
[tushare.org/logo/blitzpredict.png]
[tushare.org/logo/cctime.png]
[tushare.org/logo/xmedchain.png]
[tushare.org/logo/inkprotocol.png]
[tushare.org/logo/experiencepoints.png]
[tushare.org/logo/xpa.png]
[tushare.org/logo/xpense.png]
[tushare.org/logo/proximax.png]
[tushare.org/logo/rhenium.png]
[tushare.org/logo/shield.png]
[tushare.org/logo/spectrecoin.png]
[tushare.org/logo/sucrecoin.png]
[tushare.org/logo/stellite.png]
[tushare.org/logo/tao.png]
[tushare.org/logo/xtrd.png]
[tushare.org/logo/tezos.png]
[tushare.org/logo/exchangeunion.png]
[tushare.org/logo/xuez.png]
[tushare.org/logo/xcoinpaytoken.png]
[tushare.org/logo/yuanchain.png]
[tushare.org/logo/yeetoken.png]
[tushare.org/logo/yggdrash.png]
[tushare.org/logo/youchain.png]
[tushare.org/logo/yibitcoin.png]
[tushare.org/logo/zag.png]
[tushare.org/logo/zap.png]
[tushare.org/logo/0chain.png]
[tushare.org/logo/zichain.png]
[tushare.org/logo/zephyr.png]
[tushare.org/logo/zest.png]
[tushare.org/logo/zilliqa.png]
[tushare.org/logo/zinc.png]
[tushare.org/logo/zjltdistributedfactoringnetwork.png]
[tushare.org/logo/zmine.png]
[tushare.org/logo/zenprotocol.png]
[tushare.org/logo/zper.png]
[tushare.org/logo/0xproject.png]
[tushare.org/logo/zeusshield.png]
[tushare.org/logo/zurcoin.png]
[tushare.pro/document/4105b6.html]
[tushare.pro/document/41755d.html]
[tushare.pro/document/41149f.html]
[tushare.org/pro/ex/bitmex.png]
[tushare.org/pro/ex/okex.png]
[tushare.org/pro/ex/binance.png]
[tushare.org/pro/ex/huobipro.png]
[tushare.org/pro/ex/bitfinex.png]
[tushare.org/pro/ex/zb.png]
[tushare.org/pro/ex/upbit.png]
[tushare.org/pro/ex/hitbtc.png]
[tushare.org/pro/ex/lhang.png]
[tushare.org/pro/ex/bibox.png]
[tushare.org/pro/ex/quoine.png]
[tushare.org/pro/ex/shuzibi.png]
[tushare.org/pro/ex/bit-z.png]
[tushare.org/pro/ex/coinbasepro.png]
[tushare.org/pro/ex/kraken.png]
[tushare.org/pro/ex/bcex.png]
[tushare.org/pro/ex/coinw.png]
[tushare.org/pro/ex/idax.png]
[tushare.org/pro/ex/bithumb.png]
[tushare.org/pro/ex/bitstamp.png]
[tushare.org/pro/ex/aex.png]
[tushare.org/pro/ex/bitbank.png]
[tushare.org/pro/ex/zaif.png]
[tushare.org/pro/ex/fisco.png]
[tushare.org/pro/ex/bitflyer.png]
[tushare.org/pro/ex/btcbox.png]
[tushare.org/pro/ex/bittrex.png]
[tushare.org/pro/ex/allcoin.png]
[tushare.org/pro/ex/hb_top.png]
[tushare.org/pro/ex/cointiger.png]
[tushare.org/pro/ex/exrates.png]
[tushare.org/pro/ex/gate-io.png]
[tushare.org/pro/ex/jex.png]
[tushare.org/pro/ex/poloniex.png]
[tushare.org/pro/ex/yex.png]
[tushare.org/pro/ex/rightbtc.png]
[tushare.org/pro/ex/qbtc.png]
[tushare.org/pro/ex/itbit.png]
[tushare.org/pro/ex/yobit.png]
[tushare.org/pro/ex/exmo.png]
[tushare.org/pro/ex/gemini.png]
[tushare.org/pro/ex/dragonex.png]
[tushare.org/pro/ex/coincheck.png]
[tushare.org/pro/ex/fatbtc.png]
[tushare.org/pro/ex/livecoin.png]
[tushare.org/pro/ex/winmax.png]
[tushare.org/pro/ex/oex.png]
[tushare.org/pro/ex/biteceo.png]
[tushare.org/pro/ex/coolcoin.png]
[tushare.org/pro/ex/coinone.png]
[tushare.org/pro/ex/hadax.png]
[tushare.org/pro/ex/ubit.png]
[tushare.org/pro/ex/kucoin.png]
[tushare.org/pro/ex/chaoex.png]
[tushare.org/pro/ex/coinbene.png]
[tushare.org/pro/ex/yoexs.png]
[tushare.org/pro/ex/xbtce.png]
[tushare.org/pro/ex/qryptos.png]
[tushare.org/pro/ex/kex.png]
[tushare.org/pro/ex/mexc.png]
[tushare.org/pro/ex/rfinex.png]
[tushare.org/pro/ex/bitbay.png]
[tushare.org/pro/ex/liqui.png]
[tushare.org/pro/ex/okcoinkr.png]
[tushare.org/pro/ex/hypex.png]
[tushare.org/pro/ex/hellobts.png]
[tushare.org/pro/ex/gdex.png]
[tushare.org/pro/ex/kkcoin.png]
[tushare.org/pro/ex/cryptopia.png]
[tushare.org/pro/ex/otcbtc.png]
[tushare.org/pro/ex/btc-markets.png]
[tushare.org/pro/ex/cobinhood.png]
[tushare.org/pro/ex/wex.png]
[tushare.org/pro/ex/bx-thailand.png]
[tushare.org/pro/ex/vnbig.png]
[tushare.org/pro/ex/luno.png]
[tushare.org/pro/ex/iquant.png]
[tushare.org/pro/ex/bitso.png]
[tushare.org/pro/ex/dsx.png]
[tushare.org/pro/ex/boxex.png]
[tushare.org/pro/ex/debi.png]
[tushare.org/pro/ex/idex.png]
[tushare.org/pro/ex/acx.png]
[tushare.org/pro/ex/okcoin-intl.png]
[tushare.org/pro/ex/bigone.png]
[tushare.org/pro/ex/kuna.png]
[tushare.org/pro/ex/braziliex.png]
[tushare.org/pro/ex/coinnest.png]
[tushare.org/pro/ex/bleutrade.png]
[tushare.org/pro/ex/kkex.png]
[tushare.org/pro/ex/fex.png]
[tushare.org/pro/ex/coinall.png]
[tushare.org/pro/ex/cex.png]
[tushare.org/pro/ex/bitforex.png]
[tushare.org/pro/ex/fubt.png]
[tushare.org/pro/ex/bitinfi.png]
[tushare.org/pro/ex/zgtop.png]
[tushare.org/pro/ex/coinyee.png]
[tushare.org/pro/ex/biclub.png]
[tushare.org/pro/ex/lcex.png]
[tushare.org/pro/ex/vvbtc.png]
[tushare.org/pro/ex/58coin.png]
[tushare.org/pro/ex/ocx.png]
[tushare.org/pro/ex/coinmarket.png]
[tushare.org/pro/ex/f8coin.png]
[tushare.org/pro/ex/simex.png]
[tushare.org/pro/ex/btcdo.png]
[tushare.org/pro/ex/coinsuper.png]
[tushare.org/pro/ex/topbtch.png]
[tushare.org/pro/ex/amom.png]
[tushare.org/pro/ex/tokencan.png]
[tushare.org/pro/ex/coinegg.png]
[tushare.org/pro/ex/ethfinex.png]
[tushare.org/pro/ex/kdaxpro.png]
[tushare.org/pro/ex/tidex.png]
[tushare.org/pro/ex/uex.png]
[tushare.org/pro/ex/7ebit.png]
[tushare.org/pro/ex/bgjio.png]
[tushare.org/pro/ex/hotbit.png]
[tushare.org/pro/ex/coin918.png]
[tushare.org/pro/ex/bitker.png]
[tushare.org/pro/ex/idcm.png]
[tushare.org/pro/ex/bizu.png]
[tushare.org/pro/ex/btktrade.png]
[tushare.org/pro/ex/keepbtc.png]
[tushare.org/pro/ex/funcoin.png]
[tushare.org/pro/ex/btex.png]
[tushare.org/pro/ex/btctrade-im.png]
[tushare.org/pro/ex/btb.png]
[tushare.org/pro/ex/zzex.png]
[tushare.org/pro/ex/wanshare.png]
[tushare.org/pro/ex/coineal.png]
[tushare.org/pro/ex/prdae.png]
[tushare.org/pro/ex/haxi.png]
[tushare.org/pro/ex/korbit.png]
[tushare.org/pro/ex/chaobicom.png]
[tushare.org/pro/ex/coinmex.png]
[tushare.org/pro/ex/bitrabbit.png]
[tushare.org/pro/ex/9coinexchange.png]
[tushare.org/pro/ex/mercatox.png]
[tushare.org/pro/ex/coinx.png]
[tushare.org/pro/ex/ngoex.png]
[tushare.org/pro/ex/bitcoin-indonesia.png]
[tushare.org/pro/ex/thinkbit.png]
[tushare.org/pro/ex/stocks-exchange.png]
[tushare.org/pro/ex/btc98.png]
[tushare.org/pro/ex/zhaobi.png]
[tushare.org/pro/ex/bkex.png]
[tushare.org/pro/ex/exx.png]
[tushare.org/pro/ex/xbtc.png]
[tushare.org/pro/ex/coinxpro.png]
[tushare.org/pro/ex/zbtone.png]
[tushare.org/pro/ex/mbiwcg.png]
[tushare.org/pro/ex/zbg.png]
[tushare.org/pro/ex/coinred.png]
[tushare.org/pro/ex/gaex.png]
[tushare.org/pro/ex/etherflyer.png]
[tushare.org/pro/ex/btcbl.png]
[tushare.org/pro/ex/bjs.png]
[tushare.org/pro/ex/usadae.png]
[tushare.org/pro/ex/bbx.png]
[tushare.org/pro/ex/betop.png]
[tushare.org/pro/ex/bgogo.png]
[tushare.org/pro/ex/chaince.png]
[tushare.org/pro/ex/purcow.png]
[tushare.org/pro/ex/gbcax.png]
[tushare.org/pro/ex/crex24.png]
[tushare.org/pro/ex/ddex.png]
[tushare.org/pro/ex/dew.png]
[tushare.org/pro/ex/excash.png]
[tushare.org/pro/ex/dextop.png]
[tushare.org/pro/ex/vbitex.png]
[tushare.org/pro/ex/topone.png]
[tushare.org/pro/ex/union-coins.png]
[tushare.org/pro/ex/bitsquare.png]
[tushare.org/pro/ex/bilaxy.png]
[tushare.org/pro/ex/dobitrade.png]
[tushare.org/pro/ex/southxchange.png]
[tushare.org/pro/ex/ttex.png]
[tushare.org/pro/ex/asbtc.png]
[tushare.org/pro/ex/coinex.png]
[tushare.org/pro/ex/cryptohub.png]
[tushare.org/pro/ex/coingi.png]
[tushare.org/pro/ex/wjwcoin.png]
[tushare.org/pro/ex/freiexchange.png]
[tushare.org/pro/ex/coinba.png]
[tushare.org/pro/ex/fcoin.png]
[tushare.org/pro/ex/ore-bz.png]
[tushare.org/pro/ex/rootrex.png]
[tushare.org/pro/ex/5yg.png]
[tushare.org/pro/ex/isx.png]
[tushare.org/pro/ex/abcc.png]
[tushare.org/pro/ex/bige.png]
[tushare.org/pro/ex/bl3p.png]
[tushare.org/pro/ex/c2cx.png]
[tushare.org/pro/ex/coss.png]
[tushare.org/pro/ex/bit2c.png]
[tushare.org/pro/ex/bitop.png]
[tushare.org/pro/ex/btc-x.png]
[tushare.org/pro/ex/golix.png]
[tushare.org/pro/ex/mbaex.png]
[tushare.org/pro/ex/nocks.png]
[tushare.org/pro/ex/usd-x.png]
[tushare.org/pro/ex/aacoin.png]
[tushare.org/pro/ex/bihuex.png]
[tushare.org/pro/ex/cex-io.png]
[tushare.org/pro/ex/cfinex.png]
[tushare.org/pro/ex/koinex.png]
[tushare.org/pro/ex/koinim.png]
[tushare.org/pro/ex/ok-bit.png]
[tushare.org/pro/ex/p2pb2b.png]
[tushare.org/pro/ex/paribu.png]
[tushare.org/pro/ex/surbtc.png]
[tushare.org/pro/ex/zebpay.png]
[tushare.org/pro/ex/bitbitx.png]
[tushare.org/pro/ex/bitflip.png]
[tushare.org/pro/ex/bitlish.png]
[tushare.org/pro/ex/bitonic.png]
[tushare.org/pro/ex/bitsane.png]
[tushare.org/pro/ex/bitthai.png]
[tushare.org/pro/ex/btcturk.png]
[tushare.org/pro/ex/coinbbt.png]
[tushare.org/pro/ex/gatehub.png]
[tushare.org/pro/ex/lakebtc.png]
[tushare.org/pro/ex/litebit.png]
[tushare.org/pro/ex/tidebit.png]
[tushare.org/pro/ex/vipcoin.png]
[tushare.org/pro/ex/zxxcoin.png]
[tushare.org/pro/ex/bitex-la.png]
[tushare.org/pro/ex/coinchel.png]
[tushare.org/pro/ex/coinmate.png]
[tushare.org/pro/ex/coinpark.png]
[tushare.org/pro/ex/coinrail.png]
[tushare.org/pro/ex/coinrate.png]
[tushare.org/pro/ex/easycoin.png]
[tushare.org/pro/ex/switcheo.png]
[tushare.org/pro/ex/bitmarket.png]
[tushare.org/pro/ex/btc-alpha.png]
[tushare.org/pro/ex/coinfloor.png]
[tushare.org/pro/ex/coinsbank.png]
[tushare.org/pro/ex/cryptogro.png]
[tushare.org/pro/ex/dgtmarket.png]
[tushare.org/pro/ex/forkdelta.png]
[tushare.org/pro/ex/hashtoken.png]
[tushare.org/pro/ex/huobicokr.png]
[tushare.org/pro/ex/waves-dex.png]
[tushare.org/pro/ex/bitmaszyna.png]
[tushare.org/pro/ex/coincoming.png]
[tushare.org/pro/ex/coinfalcon.png]
[tushare.org/pro/ex/coinsquare.png]
[tushare.org/pro/ex/cryptomate.png]
[tushare.org/pro/ex/leoxchange.png]
[tushare.org/pro/ex/localtrade.png]
[tushare.org/pro/ex/openledger.png]
[tushare.org/pro/ex/quadrigacx.png]
[tushare.org/pro/ex/heat-wallet.png]
[tushare.org/pro/ex/aidos-market.png]
[tushare.org/pro/ex/bitcointoyou.png]
[tushare.org/pro/ex/bittylicious.png]
[tushare.org/pro/ex/btc-trade-ua.png]
[tushare.org/pro/ex/coinexchange.png]
[tushare.org/pro/ex/cryptobridge.png]
[tushare.org/pro/ex/cryptomarket.png]
[tushare.org/pro/ex/excambriorex.png]
[tushare.org/pro/ex/guldentrader.png]
[tushare.org/pro/ex/novaexchange.png]
[tushare.org/pro/ex/ripple-china.png]
[tushare.org/pro/ex/tux-exchange.png]
[tushare.org/pro/ex/negocie-coins.png]
[tushare.org/pro/ex/otc_huobi_pro.png]
[tushare.org/pro/ex/trade-satoshi.png]
[tushare.org/pro/ex/altcoin-trader.png]
[tushare.org/pro/ex/lykke-exchange.png]
[tushare.org/pro/ex/therocktrading.png]
[tushare.org/pro/ex/bits-blockchain.png]
[tushare.org/pro/ex/mercado-bitcoin.png]
[tushare.org/pro/ex/independent-reserve.png]
[tushare.org/pro/ex/triple-dice-exchange.png]
[tushare.org/pro/ex/infinitycoin-exchange.png]
[tushare.org/pro/ex/bitstamp-ripple-gateway.png]
[tushare.pro/document/419af9.html]
[tushare.pro/document/419fa1.html]
[tushare.pro/document/4123b8.html]
[tushare.pro/document/41fc81.html]
[tushare.pro/document/4111fc.html]
[tushare.pro/document/41416d.html]
[tushare.pro/document/415d5e.html]
[tushare.pro/document/418903.html]
[tushare.pro/document/41af8a.html]
[tushare.pro/document/4115c8.html]
[tushare.pro/document/41e7cd.html]
[tushare.pro/document/4162b2.html]
[tushare.pro/document/41a751.html]
[tushare.pro/document/4136aa.html]
[tushare.pro/document/41aa84.html]
[tushare.pro/document/41bcb3.html]
[tushare.pro/document/41fea4.html]
[tushare.pro/document/2e885.html]
[tushare.pro/pro/img/pycharm/pyc_2.html]
[tushare.pro/pro/img/pycharm/pyc_3.html]
[tushare.pro/pro/img/pycharm/pyc_4.html]
[tushare.pro/pro/img/pycharm/pyc_5.html]
[tushare.org/logo/bitbtc.html]
[tushare.org/logo/freechain.html]
[tushare.org/logo/moneta.html]
[tushare.org/logo/victorycoin.html]
[tushare.org/logo/rawcoin.html]
[tushare.org/logo/renos.html]
[tushare.org/logo/jinhuacoin.html]
[tushare.org/logo/e.html]
[tushare.org/logo/high.html]
[tushare.org/logo/popcorntv.html]
[tushare.org/logo/razercat.html]
[tushare.org/logo/recordcoins.html]
[tushare.org/logo/rcoin.html]
[tushare.org/logo/redcoin.html]
[tushare.org/logo/redcommunitytoken.html]
[tushare.org/logo/renderpayment.html]
[tushare.org/logo/ab.html]
[tushare.org/logo/20.html]
[tushare.org/logo/te.html]
[tushare.org/logo/u.html]
[tushare.org/logo/xcc.html]
[tushare.org/logo/c.html]
[www.dependencywalker.com/snapshot.png]
